// Jest Snapshot v1, https://goo.gl/fbAQLP

exports[`matches snapshot 1`] = `
<div
  className="div__forgetpassword_page"
  data-testid="forgetpassword"
>
  <form
    className="form__forgetpassword"
    data-testid="form"
    onSubmit={[Function]}
  >
    <img
      className="img__forgotpass"
      src="icon-password.jpg"
    />
    <h4
      className="h4__center"
    >
       Forgot your password ? 
    </h4>
    <h6
      className="h6__center"
    >
       Please enter your email to search for your account 
    </h6>
    <div
      className="div__input"
    >
      <input
        className="div__inputfield"
        data-testid="input"
        id="email"
        onChange={[Function]}
        placeholder="Email address"
        type="email"
        value=""
      />
      <p
        className="p__error"
      />
    </div>
    <div
      className="div__usererror"
    >
      <p
        className="p__error2"
      >
        
      </p>
    </div>
    <div
      className="searching"
    >
      <button
        className="div_forgetpasswordbutton"
        data-testid="button"
        id="forgotpassword-button"
      >
         Search 
      </button>
    </div>
    <br />
    <br />
  </form>
</div>
`;
